
> logging-server@1.0.14 test
> cross-env NODE_ENV=test jest --runInBand --detectOpenHandles --testPathPattern=file-ingestion-parser --no-coverage

(node:35952) MaxListenersExceededWarning: Possible EventEmitter memory leak detected. 11 exit listeners added to [process]. MaxListeners is 10. Use emitter.setMaxListeners() to increase limit
(Use `node --trace-warnings ...` to show where the warning was created)
(node:35952) MaxListenersExceededWarning: Possible EventEmitter memory leak detected. 11 SIGINT listeners added to [process]. MaxListeners is 10. Use emitter.setMaxListeners() to increase limit
